../Core/Src/main.c:59:6:process_serial_command	88	static
../Core/Src/main.c:113:6:generate_mpg_pulses	24	static
../Core/Src/main.c:136:5:main	8	static
../Core/Src/main.c:192:6:SystemClock_Config	88	static
../Core/Src/main.c:240:13:MX_TIM2_Init	56	static
../Core/Src/main.c:286:13:MX_TIM3_Init	56	static
../Core/Src/main.c:332:13:MX_TIM4_Init	56	static
../Core/Src/main.c:378:13:MX_USART1_UART_Init	8	static
../Core/Src/main.c:411:13:MX_GPIO_Init	48	static
../Core/Src/main.c:474:6:HAL_UARTEx_RxEventCallback	16	static
../Core/Src/main.c:497:6:Error_Handler	4	static
